OpenSpiel exception: Unknown game 'universal_poker'. Available games are:
2048
add_noise
amazons
amazons_proxy
ant_foraging_arena
antichess
backgammon
backgammon_proxy
banqi
bargaining
bargaining_proxy
battleship
blackjack
blotto
breakthrough
breakthrough_proxy
bridge
bridge_arena
bridge_uncontested_bidding
cached_tree
capture_the_flag
capture_the_flag_proxy
catch
chat_game
checkers
checkers_proxy
chess
chinese_checkers
cliff_walking
clobber
clobber_proxy
coin_game
coin_game_arena
coin_game_proxy
colored_trails
connect_four
connect_four_proxy
coop_box_pushing
coop_to_1p
coordinated_mp
crazy_eights
crazyhouse
cribbage
crossword
cursor_go
dark_chess
dark_hex
dark_hex_ir
dark_hex_proxy
deep_sea
dots_and_boxes
dots_and_boxes_proxy
dou_dizhu
efg_game
einstein_wurfelt_nicht
euchre
first_sealed_auction
gin_rummy
gin_rummy_proxy
go
go_fish
go_fish_proxy
go_proxy
gomoku
goofspiel
havannah
havannah_proxy
hearts
hex
hive
hive_proxy
kriegspiel
kuhn_poker
laser_tag
latent_ttt
leduc_poker
lewis_signaling
liars_dice
liars_dice_ir
lines_of_action
lines_of_action_proxy
maedn
mancala
mancala_proxy
markov_soccer
markov_soccer_proxy
matching_pennies_3p
matrix_bos
matrix_brps
matrix_cd
matrix_coordination
matrix_mp
matrix_pd
matrix_rps
matrix_rpsw
matrix_sh
matrix_shapleys_game
mfg_crowd_modelling
mfg_crowd_modelling_2d
mfg_dynamic_routing
mfg_garnet
misere
mnk
morpion_solitaire
negotiation
negotiation_proxy
nfg_game
nim
nine_mens_morris
nine_mens_morris_proxy
normal_form_extensive_game
oh_hell
oshi_zumo
oshi_zumo_proxy
othello
othello_proxy
oware
pathfinding
pentago
phantom_go
phantom_ttt
phantom_ttt_ir
pig
python_ant_foraging
python_ant_foraging_proxy
python_block_dominoes
python_dynamic_routing
python_hangman
python_iterated_prisoners_dilemma
python_kuhn_poker
python_liars_poker
python_pokerkit_wrapper
python_pokerkit_wrapper_acpc_style
python_repeated_pokerkit
python_team_dominoes
python_tic_tac_toe
quoridor
rbc
repeated_game
repeated_leduc_poker
restricted_nash_response
sheriff
shogi
shogi_proxy
skat
snake
snake_proxy
social_deduction
solitaire
spades
start_at
stones_and_gems
tarok
tic_tac_toe
tiny_bridge_2p
tiny_bridge_4p
tiny_hanabi
trade_comm
turn_based_simultaneous_game
twixt
ultimate_tic_tac_toe
ultimate_tic_tac_toe_proxy
xiangqi
y
y_proxy
yacht
zerosum
OpenSpiel exception: Unknown game 'repeated_poker'. Available games are:
2048
add_noise
amazons
amazons_proxy
ant_foraging_arena
antichess
backgammon
backgammon_proxy
banqi
bargaining
bargaining_proxy
battleship
blackjack
blotto
breakthrough
breakthrough_proxy
bridge
bridge_arena
bridge_uncontested_bidding
cached_tree
capture_the_flag
capture_the_flag_proxy
catch
chat_game
checkers
checkers_proxy
chess
chinese_checkers
cliff_walking
clobber
clobber_proxy
coin_game
coin_game_arena
coin_game_proxy
colored_trails
connect_four
connect_four_proxy
coop_box_pushing
coop_to_1p
coordinated_mp
crazy_eights
crazyhouse
cribbage
crossword
cursor_go
dark_chess
dark_hex
dark_hex_ir
dark_hex_proxy
deep_sea
dots_and_boxes
dots_and_boxes_proxy
dou_dizhu
efg_game
einstein_wurfelt_nicht
euchre
first_sealed_auction
gin_rummy
gin_rummy_proxy
go
go_fish
go_fish_proxy
go_proxy
gomoku
goofspiel
havannah
havannah_proxy
hearts
hex
hive
hive_proxy
kriegspiel
kuhn_poker
laser_tag
latent_ttt
leduc_poker
lewis_signaling
liars_dice
liars_dice_ir
lines_of_action
lines_of_action_proxy
maedn
mancala
mancala_proxy
markov_soccer
markov_soccer_proxy
matching_pennies_3p
matrix_bos
matrix_brps
matrix_cd
matrix_coordination
matrix_mp
matrix_pd
matrix_rps
matrix_rpsw
matrix_sh
matrix_shapleys_game
mfg_crowd_modelling
mfg_crowd_modelling_2d
mfg_dynamic_routing
mfg_garnet
misere
mnk
morpion_solitaire
negotiation
negotiation_proxy
nfg_game
nim
nine_mens_morris
nine_mens_morris_proxy
normal_form_extensive_game
oh_hell
oshi_zumo
oshi_zumo_proxy
othello
othello_proxy
oware
pathfinding
pentago
phantom_go
phantom_ttt
phantom_ttt_ir
pig
python_ant_foraging
python_ant_foraging_proxy
python_block_dominoes
python_dynamic_routing
python_hangman
python_iterated_prisoners_dilemma
python_kuhn_poker
python_liars_poker
python_pokerkit_wrapper
python_pokerkit_wrapper_acpc_style
python_repeated_pokerkit
python_team_dominoes
python_tic_tac_toe
quoridor
rbc
repeated_game
repeated_leduc_poker
restricted_nash_response
sheriff
shogi
shogi_proxy
skat
snake
snake_proxy
social_deduction
solitaire
spades
start_at
stones_and_gems
tarok
tic_tac_toe
tiny_bridge_2p
tiny_bridge_4p
tiny_hanabi
trade_comm
turn_based_simultaneous_game
twixt
ultimate_tic_tac_toe
ultimate_tic_tac_toe_proxy
xiangqi
y
y_proxy
yacht
zerosum
  [d1_inventory_holding/d1_threshold_1.0_safetyon] seed=200200 (1/8) money=[23079.0, 3000.0] valid=PARTIAL (3.52s)
  [d1_inventory_holding/d1_threshold_1.0_safetyon] seed=200201 (2/8) money=[19810.0, 3000.0] valid=PASS (4.79s)
  [d1_inventory_holding/d1_threshold_1.0_safetyon] seed=200202 (3/8) money=[13581.0, 3000.0] valid=PASS (4.70s)
  [d1_inventory_holding/d1_threshold_1.0_safetyon] seed=200203 (4/8) money=[31137.0, 3000.0] valid=PARTIAL (4.83s)
  [d1_inventory_holding/d1_threshold_1.0_safetyon] seed=200204 (5/8) money=[24430.0, 3000.0] valid=PASS (4.68s)
  [d1_inventory_holding/d1_threshold_1.0_safetyon] seed=200205 (6/8) money=[23944.0, 3000.0] valid=PARTIAL (4.84s)
  [d1_inventory_holding/d1_threshold_1.0_safetyon] seed=200206 (7/8) money=[16499.0, 3000.0] valid=PASS (5.15s)
  [d1_inventory_holding/d1_threshold_1.0_safetyon] seed=200207 (8/8) money=[21358.0, 3000.0] valid=PASS (4.74s)
  [d1_inventory_holding/d1_threshold_1.0_safetyoff] seed=200200 (1/8) money=[23079.0, 3000.0] valid=PARTIAL (4.60s)
  [d1_inventory_holding/d1_threshold_1.0_safetyoff] seed=200201 (2/8) money=[19810.0, 3000.0] valid=PASS (4.93s)
  [d1_inventory_holding/d1_threshold_1.0_safetyoff] seed=200202 (3/8) money=[13581.0, 3000.0] valid=PASS (4.67s)
  [d1_inventory_holding/d1_threshold_1.0_safetyoff] seed=200203 (4/8) money=[31137.0, 3000.0] valid=PARTIAL (4.62s)
  [d1_inventory_holding/d1_threshold_1.0_safetyoff] seed=200204 (5/8) money=[24430.0, 3000.0] valid=PASS (4.77s)
  [d1_inventory_holding/d1_threshold_1.0_safetyoff] seed=200205 (6/8) money=[23944.0, 3000.0] valid=PARTIAL (4.58s)
  [d1_inventory_holding/d1_threshold_1.0_safetyoff] seed=200206 (7/8) money=[16499.0, 3000.0] valid=PASS (4.90s)
  [d1_inventory_holding/d1_threshold_1.0_safetyoff] seed=200207 (8/8) money=[21358.0, 3000.0] valid=PASS (4.89s)
  [d1_inventory_holding/d1_threshold_1.3_safetyon] seed=200200 (1/8) money=[29783.0, 3000.0] valid=PASS (5.35s)
  [d1_inventory_holding/d1_threshold_1.3_safetyon] seed=200201 (2/8) money=[24300.0, 3000.0] valid=PASS (3.44s)
  [d1_inventory_holding/d1_threshold_1.3_safetyon] seed=200202 (3/8) money=[22964.0, 3000.0] valid=PASS (3.23s)
  [d1_inventory_holding/d1_threshold_1.3_safetyon] seed=200203 (4/8) money=[29074.0, 3000.0] valid=PARTIAL (3.34s)
  [d1_inventory_holding/d1_threshold_1.3_safetyon] seed=200204 (5/8) money=[26516.0, 3000.0] valid=PASS (3.28s)
  [d1_inventory_holding/d1_threshold_1.3_safetyon] seed=200205 (6/8) money=[27064.0, 3000.0] valid=PARTIAL (3.27s)
  [d1_inventory_holding/d1_threshold_1.3_safetyon] seed=200206 (7/8) money=[26099.0, 3000.0] valid=PARTIAL (3.40s)
  [d1_inventory_holding/d1_threshold_1.3_safetyon] seed=200207 (8/8) money=[27114.0, 3000.0] valid=PARTIAL (3.75s)
  [d1_inventory_holding/d1_threshold_1.3_safetyoff] seed=200200 (1/8) money=[3805.0, 3000.0] valid=PARTIAL (4.63s)
  [d1_inventory_holding/d1_threshold_1.3_safetyoff] seed=200201 (2/8) money=[10.0, 3000.0] valid=PASS (4.69s)
  [d1_inventory_holding/d1_threshold_1.3_safetyoff] seed=200202 (3/8) money=[43.0, 3000.0] valid=PASS (4.47s)
  [d1_inventory_holding/d1_threshold_1.3_safetyoff] seed=200203 (4/8) money=[4011.0, 3000.0] valid=PASS (4.64s)
  [d1_inventory_holding/d1_threshold_1.3_safetyoff] seed=200204 (5/8) money=[2436.0, 3000.0] valid=PASS (4.80s)
  [d1_inventory_holding/d1_threshold_1.3_safetyoff] seed=200205 (6/8) money=[2220.0, 3000.0] valid=PASS (4.78s)
  [d1_inventory_holding/d1_threshold_1.3_safetyoff] seed=200206 (7/8) money=[1977.0, 3000.0] valid=PARTIAL (5.04s)
  [d1_inventory_holding/d1_threshold_1.3_safetyoff] seed=200207 (8/8) money=[1275.0, 3000.0] valid=PASS (4.60s)
  [d1_inventory_holding/d1_batch_10d_safetyon] seed=200200 (1/8) money=[2018.0, 3000.0] valid=PASS (3.95s)
  [d1_inventory_holding/d1_batch_10d_safetyon] seed=200201 (2/8) money=[1195.0, 3000.0] valid=PASS (4.08s)
  [d1_inventory_holding/d1_batch_10d_safetyon] seed=200202 (3/8) money=[151.0, 3000.0] valid=PASS (4.00s)
  [d1_inventory_holding/d1_batch_10d_safetyon] seed=200203 (4/8) money=[2307.0, 3000.0] valid=PASS (3.96s)
  [d1_inventory_holding/d1_batch_10d_safetyon] seed=200204 (5/8) money=[1764.0, 3000.0] valid=PASS (4.01s)
  [d1_inventory_holding/d1_batch_10d_safetyon] seed=200205 (6/8) money=[1642.0, 3000.0] valid=PASS (3.94s)
  [d1_inventory_holding/d1_batch_10d_safetyon] seed=200206 (7/8) money=[21.0, 3000.0] valid=PASS (4.06s)
  [d1_inventory_holding/d1_batch_10d_safetyon] seed=200207 (8/8) money=[860.0, 3000.0] valid=PASS (4.29s)
  [d1_inventory_holding/d1_batch_10d_safetyoff] seed=200200 (1/8) money=[2018.0, 3000.0] valid=PASS (4.10s)
  [d1_inventory_holding/d1_batch_10d_safetyoff] seed=200201 (2/8) money=[1195.0, 3000.0] valid=PASS (4.09s)
  [d1_inventory_holding/d1_batch_10d_safetyoff] seed=200202 (3/8) money=[151.0, 3000.0] valid=PASS (4.16s)
  [d1_inventory_holding/d1_batch_10d_safetyoff] seed=200203 (4/8) money=[2307.0, 3000.0] valid=PASS (4.01s)
  [d1_inventory_holding/d1_batch_10d_safetyoff] seed=200204 (5/8) money=[1764.0, 3000.0] valid=PASS (4.12s)
  [d1_inventory_holding/d1_batch_10d_safetyoff] seed=200205 (6/8) money=[1642.0, 3000.0] valid=PASS (4.16s)
  [d1_inventory_holding/d1_batch_10d_safetyoff] seed=200206 (7/8) money=[21.0, 3000.0] valid=PASS (4.31s)
  [d1_inventory_holding/d1_batch_10d_safetyoff] seed=200207 (8/8) money=[860.0, 3000.0] valid=PASS (4.32s)
