OpenSpiel exception: Unknown game 'universal_poker'. Available games are:
2048
add_noise
amazons
amazons_proxy
ant_foraging_arena
antichess
backgammon
backgammon_proxy
banqi
bargaining
bargaining_proxy
battleship
blackjack
blotto
breakthrough
breakthrough_proxy
bridge
bridge_arena
bridge_uncontested_bidding
cached_tree
capture_the_flag
capture_the_flag_proxy
catch
chat_game
checkers
checkers_proxy
chess
chinese_checkers
cliff_walking
clobber
clobber_proxy
coin_game
coin_game_arena
coin_game_proxy
colored_trails
connect_four
connect_four_proxy
coop_box_pushing
coop_to_1p
coordinated_mp
crazy_eights
crazyhouse
cribbage
crossword
cursor_go
dark_chess
dark_hex
dark_hex_ir
dark_hex_proxy
deep_sea
dots_and_boxes
dots_and_boxes_proxy
dou_dizhu
efg_game
einstein_wurfelt_nicht
euchre
first_sealed_auction
gin_rummy
gin_rummy_proxy
go
go_fish
go_fish_proxy
go_proxy
gomoku
goofspiel
havannah
havannah_proxy
hearts
hex
hive
hive_proxy
kriegspiel
kuhn_poker
laser_tag
latent_ttt
leduc_poker
lewis_signaling
liars_dice
liars_dice_ir
lines_of_action
lines_of_action_proxy
maedn
mancala
mancala_proxy
markov_soccer
markov_soccer_proxy
matching_pennies_3p
matrix_bos
matrix_brps
matrix_cd
matrix_coordination
matrix_mp
matrix_pd
matrix_rps
matrix_rpsw
matrix_sh
matrix_shapleys_game
mfg_crowd_modelling
mfg_crowd_modelling_2d
mfg_dynamic_routing
mfg_garnet
misere
mnk
morpion_solitaire
negotiation
negotiation_proxy
nfg_game
nim
nine_mens_morris
nine_mens_morris_proxy
normal_form_extensive_game
oh_hell
oshi_zumo
oshi_zumo_proxy
othello
othello_proxy
oware
pathfinding
pentago
phantom_go
phantom_ttt
phantom_ttt_ir
pig
python_ant_foraging
python_ant_foraging_proxy
python_block_dominoes
python_dynamic_routing
python_hangman
python_iterated_prisoners_dilemma
python_kuhn_poker
python_liars_poker
python_pokerkit_wrapper
python_pokerkit_wrapper_acpc_style
python_repeated_pokerkit
python_team_dominoes
python_tic_tac_toe
quoridor
rbc
repeated_game
repeated_leduc_poker
restricted_nash_response
sheriff
shogi
shogi_proxy
skat
snake
snake_proxy
social_deduction
solitaire
spades
start_at
stones_and_gems
tarok
tic_tac_toe
tiny_bridge_2p
tiny_bridge_4p
tiny_hanabi
trade_comm
turn_based_simultaneous_game
twixt
ultimate_tic_tac_toe
ultimate_tic_tac_toe_proxy
xiangqi
y
y_proxy
yacht
zerosum
OpenSpiel exception: Unknown game 'repeated_poker'. Available games are:
2048
add_noise
amazons
amazons_proxy
ant_foraging_arena
antichess
backgammon
backgammon_proxy
banqi
bargaining
bargaining_proxy
battleship
blackjack
blotto
breakthrough
breakthrough_proxy
bridge
bridge_arena
bridge_uncontested_bidding
cached_tree
capture_the_flag
capture_the_flag_proxy
catch
chat_game
checkers
checkers_proxy
chess
chinese_checkers
cliff_walking
clobber
clobber_proxy
coin_game
coin_game_arena
coin_game_proxy
colored_trails
connect_four
connect_four_proxy
coop_box_pushing
coop_to_1p
coordinated_mp
crazy_eights
crazyhouse
cribbage
crossword
cursor_go
dark_chess
dark_hex
dark_hex_ir
dark_hex_proxy
deep_sea
dots_and_boxes
dots_and_boxes_proxy
dou_dizhu
efg_game
einstein_wurfelt_nicht
euchre
first_sealed_auction
gin_rummy
gin_rummy_proxy
go
go_fish
go_fish_proxy
go_proxy
gomoku
goofspiel
havannah
havannah_proxy
hearts
hex
hive
hive_proxy
kriegspiel
kuhn_poker
laser_tag
latent_ttt
leduc_poker
lewis_signaling
liars_dice
liars_dice_ir
lines_of_action
lines_of_action_proxy
maedn
mancala
mancala_proxy
markov_soccer
markov_soccer_proxy
matching_pennies_3p
matrix_bos
matrix_brps
matrix_cd
matrix_coordination
matrix_mp
matrix_pd
matrix_rps
matrix_rpsw
matrix_sh
matrix_shapleys_game
mfg_crowd_modelling
mfg_crowd_modelling_2d
mfg_dynamic_routing
mfg_garnet
misere
mnk
morpion_solitaire
negotiation
negotiation_proxy
nfg_game
nim
nine_mens_morris
nine_mens_morris_proxy
normal_form_extensive_game
oh_hell
oshi_zumo
oshi_zumo_proxy
othello
othello_proxy
oware
pathfinding
pentago
phantom_go
phantom_ttt
phantom_ttt_ir
pig
python_ant_foraging
python_ant_foraging_proxy
python_block_dominoes
python_dynamic_routing
python_hangman
python_iterated_prisoners_dilemma
python_kuhn_poker
python_liars_poker
python_pokerkit_wrapper
python_pokerkit_wrapper_acpc_style
python_repeated_pokerkit
python_team_dominoes
python_tic_tac_toe
quoridor
rbc
repeated_game
repeated_leduc_poker
restricted_nash_response
sheriff
shogi
shogi_proxy
skat
snake
snake_proxy
social_deduction
solitaire
spades
start_at
stones_and_gems
tarok
tic_tac_toe
tiny_bridge_2p
tiny_bridge_4p
tiny_hanabi
trade_comm
turn_based_simultaneous_game
twixt
ultimate_tic_tac_toe
ultimate_tic_tac_toe_proxy
xiangqi
y
y_proxy
yacht
zerosum
  [e1_town_demand_timing/e1_passive] seed=200300 (1/8) money=[27891.0, 3000.0] valid=PASS (3.28s)
  [e1_town_demand_timing/e1_passive] seed=200301 (2/8) money=[27891.0, 3000.0] valid=PASS (3.89s)
  [e1_town_demand_timing/e1_passive] seed=200302 (3/8) money=[27891.0, 3000.0] valid=PASS (3.84s)
  [e1_town_demand_timing/e1_passive] seed=200303 (4/8) money=[27891.0, 3000.0] valid=PASS (3.96s)
  [e1_town_demand_timing/e1_passive] seed=200304 (5/8) money=[27891.0, 3000.0] valid=PASS (3.95s)
  [e1_town_demand_timing/e1_passive] seed=200305 (6/8) money=[27971.0, 3000.0] valid=PASS (4.29s)
  [e1_town_demand_timing/e1_passive] seed=200306 (7/8) money=[27891.0, 3000.0] valid=PASS (4.16s)
  [e1_town_demand_timing/e1_passive] seed=200307 (8/8) money=[27891.0, 3000.0] valid=PASS (4.30s)
  [e1_town_demand_timing/e1_tick_after] seed=200300 (1/8) money=[28186.0, 3000.0] valid=PASS (3.28s)
  [e1_town_demand_timing/e1_tick_after] seed=200301 (2/8) money=[28186.0, 3000.0] valid=PASS (4.33s)
  [e1_town_demand_timing/e1_tick_after] seed=200302 (3/8) money=[28186.0, 3000.0] valid=PASS (4.11s)
  [e1_town_demand_timing/e1_tick_after] seed=200303 (4/8) money=[28186.0, 3000.0] valid=PASS (4.19s)
  [e1_town_demand_timing/e1_tick_after] seed=200304 (5/8) money=[28186.0, 3000.0] valid=PASS (3.96s)
  [e1_town_demand_timing/e1_tick_after] seed=200305 (6/8) money=[28266.0, 3000.0] valid=PASS (4.22s)
  [e1_town_demand_timing/e1_tick_after] seed=200306 (7/8) money=[28186.0, 3000.0] valid=PASS (4.01s)
  [e1_town_demand_timing/e1_tick_after] seed=200307 (8/8) money=[28186.0, 3000.0] valid=PASS (4.15s)
  [e1_town_demand_timing/e1_tick_before] seed=200300 (1/8) money=[27891.0, 3000.0] valid=PASS (4.02s)
  [e1_town_demand_timing/e1_tick_before] seed=200301 (2/8) money=[27891.0, 3000.0] valid=PASS (3.94s)
  [e1_town_demand_timing/e1_tick_before] seed=200302 (3/8) money=[27891.0, 3000.0] valid=PASS (4.06s)
  [e1_town_demand_timing/e1_tick_before] seed=200303 (4/8) money=[27891.0, 3000.0] valid=PASS (4.11s)
  [e1_town_demand_timing/e1_tick_before] seed=200304 (5/8) money=[27891.0, 3000.0] valid=PASS (3.91s)
  [e1_town_demand_timing/e1_tick_before] seed=200305 (6/8) money=[27971.0, 3000.0] valid=PASS (4.23s)
  [e1_town_demand_timing/e1_tick_before] seed=200306 (7/8) money=[27891.0, 3000.0] valid=PASS (4.16s)
  [e1_town_demand_timing/e1_tick_before] seed=200307 (8/8) money=[27891.0, 3000.0] valid=PASS (4.28s)
  [e1_town_demand_timing/e1_threshold] seed=200300 (1/8) money=[27730.0, 3000.0] valid=PASS (3.33s)
  [e1_town_demand_timing/e1_threshold] seed=200301 (2/8) money=[27730.0, 3000.0] valid=PASS (3.48s)
  [e1_town_demand_timing/e1_threshold] seed=200302 (3/8) money=[27730.0, 3000.0] valid=PASS (5.11s)
  [e1_town_demand_timing/e1_threshold] seed=200303 (4/8) money=[27730.0, 3000.0] valid=PASS (5.21s)
  [e1_town_demand_timing/e1_threshold] seed=200304 (5/8) money=[27730.0, 3000.0] valid=PASS (5.05s)
  [e1_town_demand_timing/e1_threshold] seed=200305 (6/8) money=[27810.0, 3000.0] valid=PASS (5.14s)
  [e1_town_demand_timing/e1_threshold] seed=200306 (7/8) money=[27730.0, 3000.0] valid=PASS (5.07s)
  [e1_town_demand_timing/e1_threshold] seed=200307 (8/8) money=[27730.0, 3000.0] valid=PASS (5.35s)
